// Vitest Snapshot v1, https://vitest.dev/guide/snapshot.html

exports[`getSections > empty.md - {"section":["any title"]} 1`] = `""`;

exports[`getSections > metadata.md - {"section":["Metadata"]} 1`] = `
"# Metadata
"
`;

exports[`getSections > metadata-without-body.md - {"section":["any title"]} 1`] = `""`;

exports[`getSections > nested.md - {"section":["#1.1.2"]} 1`] = `
"### h3-2

Content of h3-2.

"
`;

exports[`getSections > nested.md - {"section":["h3"],"recursive":true} 1`] = `
"### h3

Content of h3.

#### h4

Content of h4.

##### h5

Content of h5.

#### h4-1

Content of h4-1.

"
`;

exports[`getSections > nested.md - {"section":["h3"]} 1`] = `
"### h3

Content of h3.

"
`;

exports[`getSections > without-heading.md - {"section":["#ROOT"]} 1`] = `
"Test without heading.

"
`;
