// Vitest Snapshot v1, https://vitest.dev/guide/snapshot.html

exports[`getSection > empty.md - any title 1`] = `undefined`;

exports[`getSection > metadata.md - Metadata 1`] = `
"# Metadata
"
`;

exports[`getSection > metadata-without-body.md - any title 1`] = `undefined`;

exports[`getSection > nested.md - #1.1.2 1`] = `
"### h3-2

Content of h3-2.

#### h4-2

Content of h4-2.

"
`;

exports[`getSection > nested.md - h3 1`] = `
"### h3

Content of h3.

#### h4

Content of h4.

##### h5

Content of h5.

#### h4-1

Content of h4-1.

"
`;
