// Vitest Snapshot v1, https://vitest.dev/guide/snapshot.html

exports[`getTOC > empty.md - with metadata 1`] = `""`;

exports[`getTOC > empty.md 1`] = `""`;

exports[`getTOC > level-mismatch.md - with metadata 1`] = `
"* [h1](#1) - (Line 1, 14 chs)
  * [h4](#1.1) - (Line 5, 14 chs)
  * [h3](#1.2) - (Line 9, 14 chs)
  * [h2](#1.3) - (Line 13, 14 chs)
    * [h3-1](#1.3.1) - (Line 17, 16 chs)"
`;

exports[`getTOC > level-mismatch.md 1`] = `
"* [h1](#1)
  * [h4](#1.1)
  * [h3](#1.2)
  * [h2](#1.3)
    * [h3-1](#1.3.1)"
`;

exports[`getTOC > metadata.md - with metadata 1`] = `"* [Metadata](#1) - (Line 1, empty)"`;

exports[`getTOC > metadata.md 1`] = `"* [Metadata](#1)"`;

exports[`getTOC > metadata-without-body.md - with metadata 1`] = `""`;

exports[`getTOC > metadata-without-body.md 1`] = `""`;

exports[`getTOC > nested.md - with metadata 1`] = `
"* [h1](#1) - (Line 1, 14 chs)
  * [h2](#1.1) - (Line 5, 14 chs)
    * [h3](#1.1.1) - (Line 9, 14 chs)
      * [h4](#1.1.1.1) - (Line 13, 14 chs)
        * [h5](#1.1.1.1.1) - (Line 17, 14 chs)
      * [h4-1](#1.1.1.2) - (Line 21, 16 chs)
    * [h3-2](#1.1.2) - (Line 25, 16 chs)
      * [h4-2](#1.1.2.1) - (Line 29, 16 chs)
  * [h2-2](#1.2) - (Line 33, 16 chs)"
`;

exports[`getTOC > nested.md 1`] = `
"* [h1](#1)
  * [h2](#1.1)
    * [h3](#1.1.1)
      * [h4](#1.1.1.1)
        * [h5](#1.1.1.1.1)
      * [h4-1](#1.1.1.2)
    * [h3-2](#1.1.2)
      * [h4-2](#1.1.2.1)
  * [h2-2](#1.2)"
`;

exports[`getTOC > separator.md - with metadata 1`] = `""`;

exports[`getTOC > separator.md 1`] = `""`;

exports[`getTOC > without-heading.md - with metadata 1`] = `
"* [](#ROOT) - (Line 1, 21 chs)
* [h1](#1) - (Line 3, 16 chs)"
`;

exports[`getTOC > without-heading.md 1`] = `
"* [](#ROOT)
* [h1](#1)"
`;
